ocurl url = http://localhost:4318
cohttp url = http://localhost:4318
